((J:0.00901,I:0.00906):0.00055,(G:0.00806,F:0.01113):0.00055,(L:0.01214,(K:0.00897,H:0.01101):0.00055):0.00055);
