# hmmsearch :: search profile(s) against a sequence database
# HMMER 3.1b2 (February 2015); http://hmmer.org/
# Copyright (C) 2015 Howard Hughes Medical Institute.
# Freely distributed under the GNU General Public License (GPLv3).
# - - - - - - - - - - - - - - - - - - - - - - - - - - - - - - - - - - - -
# query HMM file:                  defaultjob.double_first_hmm
# target sequence database:        defaultjob.double_first_msa
# per-seq hits tabular output:     defaultjob.double_first_search_out
# show alignments in output:       no
# sequence reporting threshold:    E-value <= inf
# Max sensitivity mode:            on [all heuristic filters off]
# - - - - - - - - - - - - - - - - - - - - - - - - - - - - - - - - - - - -

Query:       defaultjob  [M=1000]
modified_seq_result -27.904587
modified_seq_result -27.904587
modified_seq_result -27.904587
[ok]
